into_parts preserves index: true
into_parts preserves generation: true
pool still full after into_parts (no release): true
pool free again after releasing the reconstructed owner: true
usize allocated: 0 1 2
reused (LIFO: b's slot, then a's slot): 1 0
stale before reset (r1 sees b's old 20, r2 sees a's old 10): 20 10
after reset: 100 200
usize pool exhausted as expected
points: 1,2 3,4
point pool exhausted as expected
done
