pool replay: name=process count=32 phase=empty object=872 pool=104 chunks=0 capacity=0 live=0 bytes=0
pool replay: name=process count=32 phase=full object=872 pool=104 chunks=4 capacity=36 live=32 bytes=32768
pool replay: name=process count=32 phase=half object=872 pool=104 chunks=4 capacity=36 live=16 bytes=32768
pool replay: name=process count=32 phase=refill object=872 pool=104 chunks=4 capacity=36 live=32 bytes=32768
pool replay: name=process count=32 phase=free object=872 pool=104 chunks=1 capacity=9 live=0 bytes=8192
pool replay: name=tcp count=32 phase=empty object=224 pool=24 chunks=0 capacity=0 live=0 bytes=0
pool replay: name=tcp count=32 phase=full object=224 pool=24 chunks=2 capacity=34 live=32 bytes=8192
pool replay: name=tcp count=32 phase=half object=224 pool=24 chunks=2 capacity=34 live=16 bytes=8192
pool replay: name=tcp count=32 phase=refill object=224 pool=24 chunks=2 capacity=34 live=32 bytes=8192
pool replay: name=tcp count=32 phase=free object=224 pool=24 chunks=0 capacity=0 live=0 bytes=0
pool replay: name=retx count=32 phase=empty object=1592 pool=24 chunks=0 capacity=0 live=0 bytes=0
pool replay: name=retx count=32 phase=full object=1592 pool=24 chunks=7 capacity=35 live=32 bytes=57344
pool replay: name=retx count=32 phase=half object=1592 pool=24 chunks=7 capacity=35 live=16 bytes=57344
pool replay: name=retx count=32 phase=refill object=1592 pool=24 chunks=7 capacity=35 live=32 bytes=57344
pool replay: name=retx count=32 phase=free object=1592 pool=24 chunks=0 capacity=0 live=0 bytes=0
pool replay: name=frame count=32 phase=empty object=1528 pool=24 chunks=0 capacity=0 live=0 bytes=0
pool replay: name=frame count=32 phase=full object=1528 pool=24 chunks=7 capacity=35 live=32 bytes=57344
pool replay: name=frame count=32 phase=half object=1528 pool=24 chunks=7 capacity=35 live=16 bytes=57344
pool replay: name=frame count=32 phase=refill object=1528 pool=24 chunks=7 capacity=35 live=32 bytes=57344
pool replay: name=frame count=32 phase=free object=1528 pool=24 chunks=0 capacity=0 live=0 bytes=0
pool replay: name=backing count=32 phase=empty object=40 pool=24 chunks=0 capacity=0 live=0 bytes=0
pool replay: name=backing count=32 phase=full object=40 pool=24 chunks=1 capacity=84 live=32 bytes=4096
pool replay: name=backing count=32 phase=half object=40 pool=24 chunks=1 capacity=84 live=16 bytes=4096
pool replay: name=backing count=32 phase=refill object=40 pool=24 chunks=1 capacity=84 live=32 bytes=4096
pool replay: name=backing count=32 phase=free object=40 pool=24 chunks=0 capacity=0 live=0 bytes=0
pool replay: name=image count=32 phase=empty object=88 pool=24 chunks=0 capacity=0 live=0 bytes=0
pool replay: name=image count=32 phase=full object=88 pool=24 chunks=1 capacity=42 live=32 bytes=4096
pool replay: name=image count=32 phase=half object=88 pool=24 chunks=1 capacity=42 live=16 bytes=4096
pool replay: name=image count=32 phase=refill object=88 pool=24 chunks=1 capacity=42 live=32 bytes=4096
pool replay: name=image count=32 phase=free object=88 pool=24 chunks=0 capacity=0 live=0 bytes=0
pool replay: name=fd_context count=32 phase=empty object=72 pool=24 chunks=0 capacity=0 live=0 bytes=0
pool replay: name=fd_context count=32 phase=full object=72 pool=24 chunks=1 capacity=50 live=32 bytes=4096
pool replay: name=fd_context count=32 phase=half object=72 pool=24 chunks=1 capacity=50 live=16 bytes=4096
pool replay: name=fd_context count=32 phase=refill object=72 pool=24 chunks=1 capacity=50 live=32 bytes=4096
pool replay: name=fd_context count=32 phase=free object=72 pool=24 chunks=0 capacity=0 live=0 bytes=0
pool replay: name=fd_block count=32 phase=empty object=528 pool=24 chunks=0 capacity=0 live=0 bytes=0
pool replay: name=fd_block count=32 phase=full object=528 pool=24 chunks=5 capacity=35 live=32 bytes=20480
pool replay: name=fd_block count=32 phase=half object=528 pool=24 chunks=5 capacity=35 live=16 bytes=20480
pool replay: name=fd_block count=32 phase=refill object=528 pool=24 chunks=5 capacity=35 live=32 bytes=20480
pool replay: name=fd_block count=32 phase=free object=528 pool=24 chunks=1 capacity=7 live=0 bytes=4096
pool replay: name=object count=32 phase=empty object=80 pool=24 chunks=0 capacity=0 live=0 bytes=0
pool replay: name=object count=32 phase=full object=80 pool=24 chunks=1 capacity=46 live=32 bytes=4096
pool replay: name=object count=32 phase=half object=80 pool=24 chunks=1 capacity=46 live=16 bytes=4096
pool replay: name=object count=32 phase=refill object=80 pool=24 chunks=1 capacity=46 live=32 bytes=4096
pool replay: name=object count=32 phase=free object=80 pool=24 chunks=1 capacity=46 live=0 bytes=4096
pool replay: name=process count=128 phase=empty object=872 pool=104 chunks=0 capacity=0 live=0 bytes=0
pool replay: name=process count=128 phase=full object=872 pool=104 chunks=15 capacity=135 live=128 bytes=122880
pool replay: name=process count=128 phase=half object=872 pool=104 chunks=15 capacity=135 live=64 bytes=122880
pool replay: name=process count=128 phase=refill object=872 pool=104 chunks=15 capacity=135 live=128 bytes=122880
pool replay: name=process count=128 phase=free object=872 pool=104 chunks=1 capacity=9 live=0 bytes=8192
pool replay: name=tcp count=128 phase=empty object=224 pool=24 chunks=0 capacity=0 live=0 bytes=0
pool replay: name=tcp count=128 phase=full object=224 pool=24 chunks=8 capacity=136 live=128 bytes=32768
pool replay: name=tcp count=128 phase=half object=224 pool=24 chunks=8 capacity=136 live=64 bytes=32768
pool replay: name=tcp count=128 phase=refill object=224 pool=24 chunks=8 capacity=136 live=128 bytes=32768
pool replay: name=tcp count=128 phase=free object=224 pool=24 chunks=0 capacity=0 live=0 bytes=0
pool replay: name=retx count=128 phase=empty object=1592 pool=24 chunks=0 capacity=0 live=0 bytes=0
pool replay: name=retx count=128 phase=full object=1592 pool=24 chunks=26 capacity=130 live=128 bytes=212992
pool replay: name=retx count=128 phase=half object=1592 pool=24 chunks=26 capacity=130 live=64 bytes=212992
pool replay: name=retx count=128 phase=refill object=1592 pool=24 chunks=26 capacity=130 live=128 bytes=212992
pool replay: name=retx count=128 phase=free object=1592 pool=24 chunks=0 capacity=0 live=0 bytes=0
pool replay: name=frame count=128 phase=empty object=1528 pool=24 chunks=0 capacity=0 live=0 bytes=0
pool replay: name=frame count=128 phase=full object=1528 pool=24 chunks=26 capacity=130 live=128 bytes=212992
pool replay: name=frame count=128 phase=half object=1528 pool=24 chunks=26 capacity=130 live=64 bytes=212992
pool replay: name=frame count=128 phase=refill object=1528 pool=24 chunks=26 capacity=130 live=128 bytes=212992
pool replay: name=frame count=128 phase=free object=1528 pool=24 chunks=0 capacity=0 live=0 bytes=0
pool replay: name=backing count=128 phase=empty object=40 pool=24 chunks=0 capacity=0 live=0 bytes=0
pool replay: name=backing count=128 phase=full object=40 pool=24 chunks=2 capacity=168 live=128 bytes=8192
pool replay: name=backing count=128 phase=half object=40 pool=24 chunks=2 capacity=168 live=64 bytes=8192
pool replay: name=backing count=128 phase=refill object=40 pool=24 chunks=2 capacity=168 live=128 bytes=8192
pool replay: name=backing count=128 phase=free object=40 pool=24 chunks=0 capacity=0 live=0 bytes=0
pool replay: name=image count=128 phase=empty object=88 pool=24 chunks=0 capacity=0 live=0 bytes=0
pool replay: name=image count=128 phase=full object=88 pool=24 chunks=4 capacity=168 live=128 bytes=16384
pool replay: name=image count=128 phase=half object=88 pool=24 chunks=4 capacity=168 live=64 bytes=16384
pool replay: name=image count=128 phase=refill object=88 pool=24 chunks=4 capacity=168 live=128 bytes=16384
pool replay: name=image count=128 phase=free object=88 pool=24 chunks=0 capacity=0 live=0 bytes=0
pool replay: name=fd_context count=128 phase=empty object=72 pool=24 chunks=0 capacity=0 live=0 bytes=0
pool replay: name=fd_context count=128 phase=full object=72 pool=24 chunks=3 capacity=150 live=128 bytes=12288
pool replay: name=fd_context count=128 phase=half object=72 pool=24 chunks=3 capacity=150 live=64 bytes=12288
pool replay: name=fd_context count=128 phase=refill object=72 pool=24 chunks=3 capacity=150 live=128 bytes=12288
pool replay: name=fd_context count=128 phase=free object=72 pool=24 chunks=0 capacity=0 live=0 bytes=0
pool replay: name=fd_block count=128 phase=empty object=528 pool=24 chunks=0 capacity=0 live=0 bytes=0
pool replay: name=fd_block count=128 phase=full object=528 pool=24 chunks=19 capacity=133 live=128 bytes=77824
pool replay: name=fd_block count=128 phase=half object=528 pool=24 chunks=19 capacity=133 live=64 bytes=77824
pool replay: name=fd_block count=128 phase=refill object=528 pool=24 chunks=19 capacity=133 live=128 bytes=77824
pool replay: name=fd_block count=128 phase=free object=528 pool=24 chunks=1 capacity=7 live=0 bytes=4096
pool replay: name=object count=128 phase=empty object=80 pool=24 chunks=0 capacity=0 live=0 bytes=0
pool replay: name=object count=128 phase=full object=80 pool=24 chunks=3 capacity=138 live=128 bytes=12288
pool replay: name=object count=128 phase=half object=80 pool=24 chunks=3 capacity=138 live=64 bytes=12288
pool replay: name=object count=128 phase=refill object=80 pool=24 chunks=3 capacity=138 live=128 bytes=12288
pool replay: name=object count=128 phase=free object=80 pool=24 chunks=1 capacity=46 live=0 bytes=4096
replay provider pages after teardown=0
