httpd images: busybox-extras+musl valid
httpd map: pie pages=157 clean
httpd map: musl pages=296 clean
httpd map: combined pages=331 musl-bias=0x40000 auxv ready clean
httpd server: syn-ack drop retransmit ok
httpd server: split request stream ok
httpd server: foreground children=2 vm-pages=331 reaped
httpd server: second request ok
httpd server: data drop retransmit ok
httpd server: fin drop retransmit ok
