usb msc: ready sector=512
usb ext2: provisioned blocks=2560
usb ext2: provision verify byte-equal
usb ext2: write /mutable.txt ok
usb ext2: resize truncate+extend ok
usb ext2: block+inode bitmap counts ok
usb ext2: block+inode owners ok
usb ext2: create+lookup+unlink ok
usb ext2: mounted /hello.txt ok
