peer user console: record=01/17 xxxxxxxxxxxxxxxxxxxxxxxxxxxxxx
peer user console: record=02/17 xxxxxxxxxxxxxxxxxxxxxxxxxxxxxx
peer user console: record=03/17 xxxxxxxxxxxxxxxxxxxxxxxxxxxxxx
peer user console: record=04/17 xxxxxxxxxxxxxxxxxxxxxxxxxxxxxx
peer user console: record=05/17 xxxxxxxxxxxxxxxxxxxxxxxxxxxxxx
peer user console: record=06/17 xxxxxxxxxxxxxxxxxxxxxxxxxxxxxx
peer user console: record=07/17 xxxxxxxxxxxxxxxxxxxxxxxxxxxxxx
peer user console: record=08/17 xxxxxxxxxxxxxxxxxxxxxxxxxxxxxx
peer user console: record=09/17 xxxxxxxxxxxxxxxxxxxxxxxxxxxxxx
peer user console: record=10/17 xxxxxxxxxxxxxxxxxxxxxxxxxxxxxx
peer user console: record=11/17 xxxxxxxxxxxxxxxxxxxxxxxxxxxxxx
peer user console: record=12/17 xxxxxxxxxxxxxxxxxxxxxxxxxxxxxx
peer user console: record=13/17 xxxxxxxxxxxxxxxxxxxxxxxxxxxxxx
peer user console: record=14/17 xxxxxxxxxxxxxxxxxxxxxxxxxxxxxx
peer user console: record=15/17 xxxxxxxxxxxxxxxxxxxxxxxxxxxxxx
peer user console: record=16/17 xxxxxxxxxxxxxxxxxxxxxxxxxxxxxx
peer user console: record=17/17 xxxxxxxxxxxxxxxxxxxxxxxxxxxxxx
