p dwarf_global_state => DwarfState::Busy
p dwarf_global_pair before => {state = DwarfState::Idle, count = 42}
ptype dwarf_global_slice => struct [u8; 4..] {
    u8 *ptr;
    usize len;
}
p dwarf_global_pair after => {state = DwarfState::Idle, count = 99}
p flags => 18
p seq => 287454020
p ack => 1432778632
p tcp_len => 40
p tcp_hdr_len => 20
p frame => {ptr = 0x0, len = 0}
p frame.ptr => 0x0
p frame.len => 0
p pair_snapshot => {state = DwarfState::Idle, count = 123}
qemu output => 99
