about.html
bin
dev
etc
hello.txt
icon.png
index.html
large.txt
latest
lib
lost+found
many
mutable.txt
read_indirect.txt
.
..
about.html
bin
dev
etc
hello.txt
icon.png
index.html
large.txt
latest
lib
lost+found
many
mutable.txt
read_indirect.txt
busybox-extras
busybox.static
cat
echo
httpd
ls
od
ps
sh
uname
user_payload
entry-00
entry-01
entry-02
entry-03
entry-04
entry-05
entry-06
entry-07
entry-08
entry-09
entry-10
entry-11
entry-12
entry-13
entry-14
entry-15
entry-16
entry-17
entry-18
entry-19
PID   USER     TIME  COMMAND
    1 0         0:00 [kernel]
    7 0         0:00 /bin/sh -i
   12 0         0:00 ps
repl-ok
busybox interactive shell exit: 0
